type octile
height 65
width 98
map
@@@@@@@@@@@@@@@@@@@@@@@@@@@@@@@@@@@@@@@@@@@@@@@@@@@@@@@@@@@@@@@@@@@@@@@@@@@@@@@@@@@@@@@@@@@@@@@@@@
@................................................................................................@
@................................................................................................@
@................................................................................................@
@................................................................................................@
@................................................................................................@
@................................................................................................@
@................................................................................................@
@................................................................................................@
@................................................................................................@
@................................................................................................@
@................................................................................................@
@................................................................................................@
@................................................................................................@
@............................................................................................@@@@@
@...........................................................................................@@@@@@
@........................................................................................@@@@@@@@@
@.......................................................................................@@@@@@@@@@
@....................................................................................@@@@@@@@@@@@@
@...................................................................................@@@@@@@@@@@@@@
@................................................................................@@@@@@@@@@@@@...@
@...............................................................................@@@@@@@@@@@@......
@............................................................................@@@@@@@@@@@@@........
@...........................................................................@@@@@@@@@@@@..........
@........................................................................@@@@@@@@@@@@@............
@.......................................................................@@@@@@@@@@@@..............
@....................................................................@@@@@@@@@@@@@................
@...................................................................@@@@@@@@@@@@..................
@................................................................@@@@@@@@@@@@@....................
@...............................................................@@@@@@@@@@@@......................
@............................................................@@@@@@@@@@@@@........................
@...........................................................@@@@@@@@@@@@..........................
@........................................................@@@@@@@@@@@@@............................
@.......................................................@@@@@@@@@@@@..............................
@....................................................@@@@@@@@@@@@@................................
@...................................................@@@@@@@@@@@@......@...........................
@................................................@@@@@@@@@@@@@...@@@@@@...........................
@...............................................@@@@@@@@@@@@.....@@@@@@...........................
@............................................@@@@@@@@@@@@@......@@@@@@............................
@...........................................@@@@@@@@@@@@....@.....@@@.............................
@........................................@@@@@@@@@@@@@.....@@@....................................
@.......................................@@@@@@@@@@@@......@@@@...........@........................
@....................................@@@@@@@@@@@@@.......@@@@@........@@@@..@.....................
@...................................@@@@@@@@@@@@.....@.............@@@@@@@@@@@..@.................
@................................@@@@@@@@@@@@@....@@@@@...........@@@@@@@@@@@@..@.................
@...............................@@@@@@@@@@@@.....@@@@@@.........@@@@@@@@@@@@@@@@@.................
@............................@@@@@@@@@@@@@......@@@@@@...@@@@@@@@@@@@@...@@@@@@@..................
@...........................@@@@@@@@@@@@.........@@@@...@@@@@@@@@@@@........@@@@..................
@........................@@@@@@@@@@@@@..................@@@@@@@@@@.......@@@@@....................
@.......................@@@@@@@@@@@@....................@@@@@@@@.........@@@@.....................
@....................@@@@@@@@@@@@@.................@@@@@@@@@@@...........@@@......................
@...................@@@@@@@@@@@@....@.............@@@@@@@@@@............@@@...................@...
@................@@@@@@@@@@@@@.....@@@............@@@@@@@@...................................@@@..
@...............@@@@@@@@@@@@......@@@@........@@@@@@@@@@....................................@@@@.@
@............@@@@@@@@@@@@@.......@@@@@......@@@@@@@@@@.....................................@@@@@@@
@...........@@@@@@@@@@@@.................@@@@@@@@@@@......................................@@@@@@@@
@........@@@@@@@@@@@@@..................@@@@@@@@@@.......................................@@@@@@@@@
@.......@@@@@@@@@@@@....................@@@@@@@@........................................@@@@@@@@@@
@....@@@@@@@@@@@@@.................@@@@@@@@@@@........................................@@@@@@@@@@.@
@...@@@@@@@@@@@@......@...........@@@@@@@@@@......................................................
@@@@@@@@@@@@@@...@@@@@@...........@@@@@@@@........................................................
@@@@@@@@@@@@.....@@@@@@.........@@@@@@@@..........................................................
@@@@@@@@@@......@@@@@@........@@@@@@@@............................................................
@@@@@@@@....@.....@@@......@@@@@@@@@..............................................................
@@@@@@.....@@@............@@@@@@@@................................................................
